// Jest Snapshot v1, https://goo.gl/fbAQLP

exports[`ArtistList component renders a list of artists 1`] = `
<DocumentFragment>
  <ul
    data-testid="artistsTest"
  />
</DocumentFragment>
`;
