// Jest Snapshot v1, https://goo.gl/fbAQLP

exports[`LyricDetails component renders a list of artists 1`] = `
<DocumentFragment>
  <p
    data-testid="lyricsTest"
  />
</DocumentFragment>
`;
