// Jest Snapshot v1, https://goo.gl/fbAQLP

exports[`ArtistAlbumDetails component renders a list of releases and their cover art from a selected artist 1`] = `
<DocumentFragment>
  <ul
    data-testid="releaseTest"
  />
</DocumentFragment>
`;
